1	/home/ti/Downloads/insightface/src/data/out_data_crop//Alibek_Datbayev/Alibek_Datbayev_0002.png	1
1	/home/ti/Downloads/insightface/src/data/out_data_crop//Alibek_Datbayev/Alibek_Datbayev_0003.png	1
1	/home/ti/Downloads/insightface/src/data/out_data_crop//Alibek_Datbayev/Alibek_Datbayev_0001.png	1
1	/home/ti/Downloads/insightface/src/data/out_data_crop//Almas_Nazyrov/Almas_Nazyrov_0001.png	2
1	/home/ti/Downloads/insightface/src/data/out_data_crop//Dilnaz_Akhmadiyeva/Dilnaz_Akhmadiyeva_0061.png	3
1	/home/ti/Downloads/insightface/src/data/out_data_crop//Dilnaz_Akhmadiyeva/Dilnaz_Akhmadiyeva_0091.png	3
1	/home/ti/Downloads/insightface/src/data/out_data_crop//Dilnaz_Akhmadiyeva/Dilnaz_Akhmadiyeva_0069.png	3
1	/home/ti/Downloads/insightface/src/data/out_data_crop//Dilnaz_Akhmadiyeva/Dilnaz_Akhmadiyeva_0077.png	3
1	/home/ti/Downloads/insightface/src/data/out_data_crop//Dilnaz_Akhmadiyeva/Dilnaz_Akhmadiyeva_0089.png	3
1	/home/ti/Downloads/insightface/src/data/out_data_crop//Dilnaz_Akhmadiyeva/Dilnaz_Akhmadiyeva_0015.png	3
1	/home/ti/Downloads/insightface/src/data/out_data_crop//Dilnaz_Akhmadiyeva/Dilnaz_Akhmadiyeva_0088.png	3
1	/home/ti/Downloads/insightface/src/data/out_data_crop//Dilnaz_Akhmadiyeva/Dilnaz_Akhmadiyeva_0003.png	3
1	/home/ti/Downloads/insightface/src/data/out_data_crop//Dilnaz_Akhmadiyeva/Dilnaz_Akhmadiyeva_0030.png	3
1	/home/ti/Downloads/insightface/src/data/out_data_crop//Dilnaz_Akhmadiyeva/Dilnaz_Akhmadiyeva_0018.png	3
1	/home/ti/Downloads/insightface/src/data/out_data_crop//Dilnaz_Akhmadiyeva/Dilnaz_Akhmadiyeva_0026.png	3
1	/home/ti/Downloads/insightface/src/data/out_data_crop//Dilnaz_Akhmadiyeva/Dilnaz_Akhmadiyeva_0051.png	3
1	/home/ti/Downloads/insightface/src/data/out_data_crop//Dilnaz_Akhmadiyeva/Dilnaz_Akhmadiyeva_0076.png	3
1	/home/ti/Downloads/insightface/src/data/out_data_crop//Dilnaz_Akhmadiyeva/Dilnaz_Akhmadiyeva_0075.png	3
1	/home/ti/Downloads/insightface/src/data/out_data_crop//Dilnaz_Akhmadiyeva/Dilnaz_Akhmadiyeva_0039.png	3
1	/home/ti/Downloads/insightface/src/data/out_data_crop//Dilnaz_Akhmadiyeva/Dilnaz_Akhmadiyeva_0016.png	3
1	/home/ti/Downloads/insightface/src/data/out_data_crop//Dilnaz_Akhmadiyeva/Dilnaz_Akhmadiyeva_0073.png	3
1	/home/ti/Downloads/insightface/src/data/out_data_crop//Dilnaz_Akhmadiyeva/Dilnaz_Akhmadiyeva_0066.png	3
1	/home/ti/Downloads/insightface/src/data/out_data_crop//Dilnaz_Akhmadiyeva/Dilnaz_Akhmadiyeva_0063.png	3
1	/home/ti/Downloads/insightface/src/data/out_data_crop//Dilnaz_Akhmadiyeva/Dilnaz_Akhmadiyeva_0090.png	3
1	/home/ti/Downloads/insightface/src/data/out_data_crop//Dilnaz_Akhmadiyeva/Dilnaz_Akhmadiyeva_0053.png	3
1	/home/ti/Downloads/insightface/src/data/out_data_crop//Dilnaz_Akhmadiyeva/Dilnaz_Akhmadiyeva_0059.png	3
1	/home/ti/Downloads/insightface/src/data/out_data_crop//Dilnaz_Akhmadiyeva/Dilnaz_Akhmadiyeva_0074.png	3
1	/home/ti/Downloads/insightface/src/data/out_data_crop//Dilnaz_Akhmadiyeva/Dilnaz_Akhmadiyeva_0014.png	3
1	/home/ti/Downloads/insightface/src/data/out_data_crop//Dilnaz_Akhmadiyeva/Dilnaz_Akhmadiyeva_0078.png	3
1	/home/ti/Downloads/insightface/src/data/out_data_crop//Dilnaz_Akhmadiyeva/Dilnaz_Akhmadiyeva_0081.png	3
1	/home/ti/Downloads/insightface/src/data/out_data_crop//Dilnaz_Akhmadiyeva/Dilnaz_Akhmadiyeva_0042.png	3
1	/home/ti/Downloads/insightface/src/data/out_data_crop//Dilnaz_Akhmadiyeva/Dilnaz_Akhmadiyeva_0068.png	3
1	/home/ti/Downloads/insightface/src/data/out_data_crop//Dilnaz_Akhmadiyeva/Dilnaz_Akhmadiyeva_0019.png	3
1	/home/ti/Downloads/insightface/src/data/out_data_crop//Dilnaz_Akhmadiyeva/Dilnaz_Akhmadiyeva_0028.png	3
1	/home/ti/Downloads/insightface/src/data/out_data_crop//Dilnaz_Akhmadiyeva/Dilnaz_Akhmadiyeva_0013.png	3
1	/home/ti/Downloads/insightface/src/data/out_data_crop//Dilnaz_Akhmadiyeva/Dilnaz_Akhmadiyeva_0043.png	3
1	/home/ti/Downloads/insightface/src/data/out_data_crop//Dilnaz_Akhmadiyeva/Dilnaz_Akhmadiyeva_0024.png	3
1	/home/ti/Downloads/insightface/src/data/out_data_crop//Dilnaz_Akhmadiyeva/Dilnaz_Akhmadiyeva_0086.png	3
1	/home/ti/Downloads/insightface/src/data/out_data_crop//Dilnaz_Akhmadiyeva/Dilnaz_Akhmadiyeva_0087.png	3
1	/home/ti/Downloads/insightface/src/data/out_data_crop//Dilnaz_Akhmadiyeva/Dilnaz_Akhmadiyeva_0057.png	3
1	/home/ti/Downloads/insightface/src/data/out_data_crop//Dilnaz_Akhmadiyeva/Dilnaz_Akhmadiyeva_0001.png	3
1	/home/ti/Downloads/insightface/src/data/out_data_crop//Dilnaz_Akhmadiyeva/Dilnaz_Akhmadiyeva_0005.png	3
1	/home/ti/Downloads/insightface/src/data/out_data_crop//Dilnaz_Akhmadiyeva/Dilnaz_Akhmadiyeva_0021.png	3
1	/home/ti/Downloads/insightface/src/data/out_data_crop//Dilnaz_Akhmadiyeva/Dilnaz_Akhmadiyeva_0002.png	3
1	/home/ti/Downloads/insightface/src/data/out_data_crop//Dilnaz_Akhmadiyeva/Dilnaz_Akhmadiyeva_0065.png	3
1	/home/ti/Downloads/insightface/src/data/out_data_crop//Dilnaz_Akhmadiyeva/Dilnaz_Akhmadiyeva_0052.png	3
1	/home/ti/Downloads/insightface/src/data/out_data_crop//Dilnaz_Akhmadiyeva/Dilnaz_Akhmadiyeva_0032.png	3
1	/home/ti/Downloads/insightface/src/data/out_data_crop//Dilnaz_Akhmadiyeva/Dilnaz_Akhmadiyeva_0079.png	3
1	/home/ti/Downloads/insightface/src/data/out_data_crop//Dilnaz_Akhmadiyeva/Dilnaz_Akhmadiyeva_0011.png	3
1	/home/ti/Downloads/insightface/src/data/out_data_crop//Dilnaz_Akhmadiyeva/Dilnaz_Akhmadiyeva_0020.png	3
1	/home/ti/Downloads/insightface/src/data/out_data_crop//Dilnaz_Akhmadiyeva/Dilnaz_Akhmadiyeva_0056.png	3
1	/home/ti/Downloads/insightface/src/data/out_data_crop//Dilnaz_Akhmadiyeva/Dilnaz_Akhmadiyeva_0009.png	3
1	/home/ti/Downloads/insightface/src/data/out_data_crop//Dilnaz_Akhmadiyeva/Dilnaz_Akhmadiyeva_0050.png	3
1	/home/ti/Downloads/insightface/src/data/out_data_crop//Dilnaz_Akhmadiyeva/Dilnaz_Akhmadiyeva_0072.png	3
1	/home/ti/Downloads/insightface/src/data/out_data_crop//Dilnaz_Akhmadiyeva/Dilnaz_Akhmadiyeva_0036.png	3
1	/home/ti/Downloads/insightface/src/data/out_data_crop//Dilnaz_Akhmadiyeva/Dilnaz_Akhmadiyeva_0022.png	3
1	/home/ti/Downloads/insightface/src/data/out_data_crop//Dilnaz_Akhmadiyeva/Dilnaz_Akhmadiyeva_0007.png	3
1	/home/ti/Downloads/insightface/src/data/out_data_crop//Dilnaz_Akhmadiyeva/Dilnaz_Akhmadiyeva_0054.png	3
1	/home/ti/Downloads/insightface/src/data/out_data_crop//Dilnaz_Akhmadiyeva/Dilnaz_Akhmadiyeva_0044.png	3
1	/home/ti/Downloads/insightface/src/data/out_data_crop//Dilnaz_Akhmadiyeva/Dilnaz_Akhmadiyeva_0055.png	3
1	/home/ti/Downloads/insightface/src/data/out_data_crop//Dilnaz_Akhmadiyeva/Dilnaz_Akhmadiyeva_0080.png	3
1	/home/ti/Downloads/insightface/src/data/out_data_crop//Dilnaz_Akhmadiyeva/Dilnaz_Akhmadiyeva_0058.png	3
1	/home/ti/Downloads/insightface/src/data/out_data_crop//Dilnaz_Akhmadiyeva/Dilnaz_Akhmadiyeva_0084.png	3
1	/home/ti/Downloads/insightface/src/data/out_data_crop//Dilnaz_Akhmadiyeva/Dilnaz_Akhmadiyeva_0046.png	3
1	/home/ti/Downloads/insightface/src/data/out_data_crop//Dilnaz_Akhmadiyeva/Dilnaz_Akhmadiyeva_0048.png	3
1	/home/ti/Downloads/insightface/src/data/out_data_crop//Dilnaz_Akhmadiyeva/Dilnaz_Akhmadiyeva_0047.png	3
1	/home/ti/Downloads/insightface/src/data/out_data_crop//Dilnaz_Akhmadiyeva/Dilnaz_Akhmadiyeva_0041.png	3
1	/home/ti/Downloads/insightface/src/data/out_data_crop//Dilnaz_Akhmadiyeva/Dilnaz_Akhmadiyeva_0071.png	3
1	/home/ti/Downloads/insightface/src/data/out_data_crop//Dilnaz_Akhmadiyeva/Dilnaz_Akhmadiyeva_0010.png	3
1	/home/ti/Downloads/insightface/src/data/out_data_crop//Dilnaz_Akhmadiyeva/Dilnaz_Akhmadiyeva_0017.png	3
1	/home/ti/Downloads/insightface/src/data/out_data_crop//Dilnaz_Akhmadiyeva/Dilnaz_Akhmadiyeva_0035.png	3
1	/home/ti/Downloads/insightface/src/data/out_data_crop//Dilnaz_Akhmadiyeva/Dilnaz_Akhmadiyeva_0060.png	3
1	/home/ti/Downloads/insightface/src/data/out_data_crop//Dilnaz_Akhmadiyeva/Dilnaz_Akhmadiyeva_0085.png	3
1	/home/ti/Downloads/insightface/src/data/out_data_crop//Dilnaz_Akhmadiyeva/Dilnaz_Akhmadiyeva_0004.png	3
1	/home/ti/Downloads/insightface/src/data/out_data_crop//Dilnaz_Akhmadiyeva/Dilnaz_Akhmadiyeva_0025.png	3
1	/home/ti/Downloads/insightface/src/data/out_data_crop//Dilnaz_Akhmadiyeva/Dilnaz_Akhmadiyeva_0023.png	3
1	/home/ti/Downloads/insightface/src/data/out_data_crop//Dilnaz_Akhmadiyeva/Dilnaz_Akhmadiyeva_0045.png	3
1	/home/ti/Downloads/insightface/src/data/out_data_crop//Dilnaz_Akhmadiyeva/Dilnaz_Akhmadiyeva_0062.png	3
1	/home/ti/Downloads/insightface/src/data/out_data_crop//Dilnaz_Akhmadiyeva/Dilnaz_Akhmadiyeva_0033.png	3
1	/home/ti/Downloads/insightface/src/data/out_data_crop//Dilnaz_Akhmadiyeva/Dilnaz_Akhmadiyeva_0067.png	3
1	/home/ti/Downloads/insightface/src/data/out_data_crop//Dilnaz_Akhmadiyeva/Dilnaz_Akhmadiyeva_0037.png	3
1	/home/ti/Downloads/insightface/src/data/out_data_crop//Dilnaz_Akhmadiyeva/Dilnaz_Akhmadiyeva_0092.png	3
1	/home/ti/Downloads/insightface/src/data/out_data_crop//Dilnaz_Akhmadiyeva/Dilnaz_Akhmadiyeva_0031.png	3
1	/home/ti/Downloads/insightface/src/data/out_data_crop//Dilnaz_Akhmadiyeva/Dilnaz_Akhmadiyeva_0064.png	3
1	/home/ti/Downloads/insightface/src/data/out_data_crop//Dilnaz_Akhmadiyeva/Dilnaz_Akhmadiyeva_0027.png	3
1	/home/ti/Downloads/insightface/src/data/out_data_crop//Dilnaz_Akhmadiyeva/Dilnaz_Akhmadiyeva_0029.png	3
1	/home/ti/Downloads/insightface/src/data/out_data_crop//Dilnaz_Akhmadiyeva/Dilnaz_Akhmadiyeva_0040.png	3
1	/home/ti/Downloads/insightface/src/data/out_data_crop//Dilnaz_Akhmadiyeva/Dilnaz_Akhmadiyeva_0049.png	3
1	/home/ti/Downloads/insightface/src/data/out_data_crop//Dilnaz_Akhmadiyeva/Dilnaz_Akhmadiyeva_0083.png	3
1	/home/ti/Downloads/insightface/src/data/out_data_crop//Dilnaz_Akhmadiyeva/Dilnaz_Akhmadiyeva_0006.png	3
1	/home/ti/Downloads/insightface/src/data/out_data_crop//Dilnaz_Akhmadiyeva/Dilnaz_Akhmadiyeva_0034.png	3
1	/home/ti/Downloads/insightface/src/data/out_data_crop//Dilnaz_Akhmadiyeva/Dilnaz_Akhmadiyeva_0012.png	3
1	/home/ti/Downloads/insightface/src/data/out_data_crop//Dilnaz_Akhmadiyeva/Dilnaz_Akhmadiyeva_0008.png	3
1	/home/ti/Downloads/insightface/src/data/out_data_crop//Dilnaz_Akhmadiyeva/Dilnaz_Akhmadiyeva_0070.png	3
1	/home/ti/Downloads/insightface/src/data/out_data_crop//Dilnaz_Akhmadiyeva/Dilnaz_Akhmadiyeva_0038.png	3
1	/home/ti/Downloads/insightface/src/data/out_data_crop//Dilnaz_Akhmadiyeva/Dilnaz_Akhmadiyeva_0082.png	3
1	/home/ti/Downloads/insightface/src/data/out_data_crop//Gennadii_Golovkin/Gennadii_Golovkin_0094.png	4
1	/home/ti/Downloads/insightface/src/data/out_data_crop//Gennadii_Golovkin/Gennadii_Golovkin_0016.png	4
1	/home/ti/Downloads/insightface/src/data/out_data_crop//Gennadii_Golovkin/Gennadii_Golovkin_0057.png	4
1	/home/ti/Downloads/insightface/src/data/out_data_crop//Gennadii_Golovkin/Gennadii_Golovkin_0044.png	4
1	/home/ti/Downloads/insightface/src/data/out_data_crop//Gennadii_Golovkin/Gennadii_Golovkin_0008.png	4
1	/home/ti/Downloads/insightface/src/data/out_data_crop//Gennadii_Golovkin/Gennadii_Golovkin_0032.png	4
1	/home/ti/Downloads/insightface/src/data/out_data_crop//Gennadii_Golovkin/Gennadii_Golovkin_0024.png	4
1	/home/ti/Downloads/insightface/src/data/out_data_crop//Gennadii_Golovkin/Gennadii_Golovkin_0086.png	4
1	/home/ti/Downloads/insightface/src/data/out_data_crop//Gennadii_Golovkin/Gennadii_Golovkin_0095.png	4
1	/home/ti/Downloads/insightface/src/data/out_data_crop//Gennadii_Golovkin/Gennadii_Golovkin_0039.png	4
1	/home/ti/Downloads/insightface/src/data/out_data_crop//Gennadii_Golovkin/Gennadii_Golovkin_0053.png	4
1	/home/ti/Downloads/insightface/src/data/out_data_crop//Gennadii_Golovkin/Gennadii_Golovkin_0081.png	4
1	/home/ti/Downloads/insightface/src/data/out_data_crop//Gennadii_Golovkin/Gennadii_Golovkin_0001.png	4
1	/home/ti/Downloads/insightface/src/data/out_data_crop//Gennadii_Golovkin/Gennadii_Golovkin_0052.png	4
1	/home/ti/Downloads/insightface/src/data/out_data_crop//Gennadii_Golovkin/Gennadii_Golovkin_0022.png	4
1	/home/ti/Downloads/insightface/src/data/out_data_crop//Gennadii_Golovkin/Gennadii_Golovkin_0049.png	4
1	/home/ti/Downloads/insightface/src/data/out_data_crop//Gennadii_Golovkin/Gennadii_Golovkin_0088.png	4
1	/home/ti/Downloads/insightface/src/data/out_data_crop//Gennadii_Golovkin/Gennadii_Golovkin_0059.png	4
1	/home/ti/Downloads/insightface/src/data/out_data_crop//Gennadii_Golovkin/Gennadii_Golovkin_0096.png	4
1	/home/ti/Downloads/insightface/src/data/out_data_crop//Gennadii_Golovkin/Gennadii_Golovkin_0080.png	4
1	/home/ti/Downloads/insightface/src/data/out_data_crop//Gennadii_Golovkin/Gennadii_Golovkin_0018.png	4
1	/home/ti/Downloads/insightface/src/data/out_data_crop//Gennadii_Golovkin/Gennadii_Golovkin_0045.png	4
1	/home/ti/Downloads/insightface/src/data/out_data_crop//Gennadii_Golovkin/Gennadii_Golovkin_0028.png	4
1	/home/ti/Downloads/insightface/src/data/out_data_crop//Gennadii_Golovkin/Gennadii_Golovkin_0038.png	4
1	/home/ti/Downloads/insightface/src/data/out_data_crop//Gennadii_Golovkin/Gennadii_Golovkin_0042.png	4
1	/home/ti/Downloads/insightface/src/data/out_data_crop//Gennadii_Golovkin/Gennadii_Golovkin_0029.png	4
1	/home/ti/Downloads/insightface/src/data/out_data_crop//Gennadii_Golovkin/Gennadii_Golovkin_0065.png	4
1	/home/ti/Downloads/insightface/src/data/out_data_crop//Gennadii_Golovkin/Gennadii_Golovkin_0027.png	4
1	/home/ti/Downloads/insightface/src/data/out_data_crop//Gennadii_Golovkin/Gennadii_Golovkin_0061.png	4
1	/home/ti/Downloads/insightface/src/data/out_data_crop//Gennadii_Golovkin/Gennadii_Golovkin_0050.png	4
1	/home/ti/Downloads/insightface/src/data/out_data_crop//Gennadii_Golovkin/Gennadii_Golovkin_0070.png	4
1	/home/ti/Downloads/insightface/src/data/out_data_crop//Gennadii_Golovkin/Gennadii_Golovkin_0071.png	4
1	/home/ti/Downloads/insightface/src/data/out_data_crop//Gennadii_Golovkin/Gennadii_Golovkin_0007.png	4
1	/home/ti/Downloads/insightface/src/data/out_data_crop//Gennadii_Golovkin/Gennadii_Golovkin_0005.png	4
1	/home/ti/Downloads/insightface/src/data/out_data_crop//Gennadii_Golovkin/Gennadii_Golovkin_0078.png	4
1	/home/ti/Downloads/insightface/src/data/out_data_crop//Gennadii_Golovkin/Gennadii_Golovkin_0002.png	4
1	/home/ti/Downloads/insightface/src/data/out_data_crop//Gennadii_Golovkin/Gennadii_Golovkin_0091.png	4
1	/home/ti/Downloads/insightface/src/data/out_data_crop//Gennadii_Golovkin/Gennadii_Golovkin_0074.png	4
1	/home/ti/Downloads/insightface/src/data/out_data_crop//Gennadii_Golovkin/Gennadii_Golovkin_0068.png	4
1	/home/ti/Downloads/insightface/src/data/out_data_crop//Gennadii_Golovkin/Gennadii_Golovkin_0012.png	4
1	/home/ti/Downloads/insightface/src/data/out_data_crop//Gennadii_Golovkin/Gennadii_Golovkin_0069.png	4
1	/home/ti/Downloads/insightface/src/data/out_data_crop//Gennadii_Golovkin/Gennadii_Golovkin_0093.png	4
1	/home/ti/Downloads/insightface/src/data/out_data_crop//Gennadii_Golovkin/Gennadii_Golovkin_0092.png	4
1	/home/ti/Downloads/insightface/src/data/out_data_crop//Gennadii_Golovkin/Gennadii_Golovkin_0014.png	4
1	/home/ti/Downloads/insightface/src/data/out_data_crop//Gennadii_Golovkin/Gennadii_Golovkin_0067.png	4
1	/home/ti/Downloads/insightface/src/data/out_data_crop//Gennadii_Golovkin/Gennadii_Golovkin_0090.png	4
1	/home/ti/Downloads/insightface/src/data/out_data_crop//Gennadii_Golovkin/Gennadii_Golovkin_0082.png	4
1	/home/ti/Downloads/insightface/src/data/out_data_crop//Gennadii_Golovkin/Gennadii_Golovkin_0004.png	4
1	/home/ti/Downloads/insightface/src/data/out_data_crop//Gennadii_Golovkin/Gennadii_Golovkin_0041.png	4
1	/home/ti/Downloads/insightface/src/data/out_data_crop//Gennadii_Golovkin/Gennadii_Golovkin_0058.png	4
1	/home/ti/Downloads/insightface/src/data/out_data_crop//Gennadii_Golovkin/Gennadii_Golovkin_0077.png	4
1	/home/ti/Downloads/insightface/src/data/out_data_crop//Gennadii_Golovkin/Gennadii_Golovkin_0020.png	4
1	/home/ti/Downloads/insightface/src/data/out_data_crop//Gennadii_Golovkin/Gennadii_Golovkin_0006.png	4
1	/home/ti/Downloads/insightface/src/data/out_data_crop//Gennadii_Golovkin/Gennadii_Golovkin_0087.png	4
1	/home/ti/Downloads/insightface/src/data/out_data_crop//Gennadii_Golovkin/Gennadii_Golovkin_0047.png	4
1	/home/ti/Downloads/insightface/src/data/out_data_crop//Gennadii_Golovkin/Gennadii_Golovkin_0013.png	4
1	/home/ti/Downloads/insightface/src/data/out_data_crop//Gennadii_Golovkin/Gennadii_Golovkin_0054.png	4
1	/home/ti/Downloads/insightface/src/data/out_data_crop//Gennadii_Golovkin/Gennadii_Golovkin_0073.png	4
1	/home/ti/Downloads/insightface/src/data/out_data_crop//Gennadii_Golovkin/Gennadii_Golovkin_0026.png	4
1	/home/ti/Downloads/insightface/src/data/out_data_crop//Gennadii_Golovkin/Gennadii_Golovkin_0097.png	4
1	/home/ti/Downloads/insightface/src/data/out_data_crop//Gennadii_Golovkin/Gennadii_Golovkin_0079.png	4
1	/home/ti/Downloads/insightface/src/data/out_data_crop//Gennadii_Golovkin/Gennadii_Golovkin_0034.png	4
1	/home/ti/Downloads/insightface/src/data/out_data_crop//Gennadii_Golovkin/Gennadii_Golovkin_0084.png	4
1	/home/ti/Downloads/insightface/src/data/out_data_crop//Gennadii_Golovkin/Gennadii_Golovkin_0085.png	4
1	/home/ti/Downloads/insightface/src/data/out_data_crop//Gennadii_Golovkin/Gennadii_Golovkin_0056.png	4
1	/home/ti/Downloads/insightface/src/data/out_data_crop//Gennadii_Golovkin/Gennadii_Golovkin_0062.png	4
1	/home/ti/Downloads/insightface/src/data/out_data_crop//Gennadii_Golovkin/Gennadii_Golovkin_0036.png	4
1	/home/ti/Downloads/insightface/src/data/out_data_crop//Gennadii_Golovkin/Gennadii_Golovkin_0060.png	4
1	/home/ti/Downloads/insightface/src/data/out_data_crop//Gennadii_Golovkin/Gennadii_Golovkin_0017.png	4
1	/home/ti/Downloads/insightface/src/data/out_data_crop//Gennadii_Golovkin/Gennadii_Golovkin_0009.png	4
1	/home/ti/Downloads/insightface/src/data/out_data_crop//Gennadii_Golovkin/Gennadii_Golovkin_0072.png	4
1	/home/ti/Downloads/insightface/src/data/out_data_crop//Gennadii_Golovkin/Gennadii_Golovkin_0019.png	4
1	/home/ti/Downloads/insightface/src/data/out_data_crop//Gennadii_Golovkin/Gennadii_Golovkin_0030.png	4
1	/home/ti/Downloads/insightface/src/data/out_data_crop//Gennadii_Golovkin/Gennadii_Golovkin_0011.png	4
1	/home/ti/Downloads/insightface/src/data/out_data_crop//Gennadii_Golovkin/Gennadii_Golovkin_0055.png	4
1	/home/ti/Downloads/insightface/src/data/out_data_crop//Gennadii_Golovkin/Gennadii_Golovkin_0083.png	4
1	/home/ti/Downloads/insightface/src/data/out_data_crop//Gennadii_Golovkin/Gennadii_Golovkin_0051.png	4
1	/home/ti/Downloads/insightface/src/data/out_data_crop//Gennadii_Golovkin/Gennadii_Golovkin_0075.png	4
1	/home/ti/Downloads/insightface/src/data/out_data_crop//Gennadii_Golovkin/Gennadii_Golovkin_0066.png	4
1	/home/ti/Downloads/insightface/src/data/out_data_crop//Gennadii_Golovkin/Gennadii_Golovkin_0015.png	4
1	/home/ti/Downloads/insightface/src/data/out_data_crop//Gennadii_Golovkin/Gennadii_Golovkin_0023.png	4
1	/home/ti/Downloads/insightface/src/data/out_data_crop//Gennadii_Golovkin/Gennadii_Golovkin_0089.png	4
1	/home/ti/Downloads/insightface/src/data/out_data_crop//Gennadii_Golovkin/Gennadii_Golovkin_0021.png	4
1	/home/ti/Downloads/insightface/src/data/out_data_crop//Gennadii_Golovkin/Gennadii_Golovkin_0076.png	4
1	/home/ti/Downloads/insightface/src/data/out_data_crop//Gennadii_Golovkin/Gennadii_Golovkin_0037.png	4
1	/home/ti/Downloads/insightface/src/data/out_data_crop//Gennadii_Golovkin/Gennadii_Golovkin_0035.png	4
1	/home/ti/Downloads/insightface/src/data/out_data_crop//Gennadii_Golovkin/Gennadii_Golovkin_0046.png	4
1	/home/ti/Downloads/insightface/src/data/out_data_crop//Gennadii_Golovkin/Gennadii_Golovkin_0025.png	4
1	/home/ti/Downloads/insightface/src/data/out_data_crop//Gennadii_Golovkin/Gennadii_Golovkin_0003.png	4
1	/home/ti/Downloads/insightface/src/data/out_data_crop//Gennadii_Golovkin/Gennadii_Golovkin_0064.png	4
1	/home/ti/Downloads/insightface/src/data/out_data_crop//Gennadii_Golovkin/Gennadii_Golovkin_0048.png	4
1	/home/ti/Downloads/insightface/src/data/out_data_crop//Gennadii_Golovkin/Gennadii_Golovkin_0040.png	4
1	/home/ti/Downloads/insightface/src/data/out_data_crop//Gennadii_Golovkin/Gennadii_Golovkin_0033.png	4
1	/home/ti/Downloads/insightface/src/data/out_data_crop//Gennadii_Golovkin/Gennadii_Golovkin_0031.png	4
1	/home/ti/Downloads/insightface/src/data/out_data_crop//Gennadii_Golovkin/Gennadii_Golovkin_0043.png	4
1	/home/ti/Downloads/insightface/src/data/out_data_crop//Gennadii_Golovkin/Gennadii_Golovkin_0063.png	4
1	/home/ti/Downloads/insightface/src/data/out_data_crop//Gennadii_Golovkin/Gennadii_Golovkin_0010.png	4
1	/home/ti/Downloads/insightface/src/data/out_data_crop//Iliya_Iliyn/Iliya_Iliyn_0010.png	5
1	/home/ti/Downloads/insightface/src/data/out_data_crop//Iliya_Iliyn/Iliya_Iliyn_0050.png	5
1	/home/ti/Downloads/insightface/src/data/out_data_crop//Iliya_Iliyn/Iliya_Iliyn_0047.png	5
1	/home/ti/Downloads/insightface/src/data/out_data_crop//Iliya_Iliyn/Iliya_Iliyn_0033.png	5
1	/home/ti/Downloads/insightface/src/data/out_data_crop//Iliya_Iliyn/Iliya_Iliyn_0035.png	5
1	/home/ti/Downloads/insightface/src/data/out_data_crop//Iliya_Iliyn/Iliya_Iliyn_0029.png	5
1	/home/ti/Downloads/insightface/src/data/out_data_crop//Iliya_Iliyn/Iliya_Iliyn_0052.png	5
1	/home/ti/Downloads/insightface/src/data/out_data_crop//Iliya_Iliyn/Iliya_Iliyn_0080.png	5
1	/home/ti/Downloads/insightface/src/data/out_data_crop//Iliya_Iliyn/Iliya_Iliyn_0072.png	5
1	/home/ti/Downloads/insightface/src/data/out_data_crop//Iliya_Iliyn/Iliya_Iliyn_0071.png	5
1	/home/ti/Downloads/insightface/src/data/out_data_crop//Iliya_Iliyn/Iliya_Iliyn_0042.png	5
1	/home/ti/Downloads/insightface/src/data/out_data_crop//Iliya_Iliyn/Iliya_Iliyn_0028.png	5
1	/home/ti/Downloads/insightface/src/data/out_data_crop//Iliya_Iliyn/Iliya_Iliyn_0011.png	5
1	/home/ti/Downloads/insightface/src/data/out_data_crop//Iliya_Iliyn/Iliya_Iliyn_0086.png	5
1	/home/ti/Downloads/insightface/src/data/out_data_crop//Iliya_Iliyn/Iliya_Iliyn_0067.png	5
1	/home/ti/Downloads/insightface/src/data/out_data_crop//Iliya_Iliyn/Iliya_Iliyn_0036.png	5
1	/home/ti/Downloads/insightface/src/data/out_data_crop//Iliya_Iliyn/Iliya_Iliyn_0021.png	5
1	/home/ti/Downloads/insightface/src/data/out_data_crop//Iliya_Iliyn/Iliya_Iliyn_0013.png	5
1	/home/ti/Downloads/insightface/src/data/out_data_crop//Iliya_Iliyn/Iliya_Iliyn_0008.png	5
1	/home/ti/Downloads/insightface/src/data/out_data_crop//Iliya_Iliyn/Iliya_Iliyn_0049.png	5
1	/home/ti/Downloads/insightface/src/data/out_data_crop//Iliya_Iliyn/Iliya_Iliyn_0055.png	5
1	/home/ti/Downloads/insightface/src/data/out_data_crop//Iliya_Iliyn/Iliya_Iliyn_0054.png	5
1	/home/ti/Downloads/insightface/src/data/out_data_crop//Iliya_Iliyn/Iliya_Iliyn_0016.png	5
1	/home/ti/Downloads/insightface/src/data/out_data_crop//Iliya_Iliyn/Iliya_Iliyn_0063.png	5
1	/home/ti/Downloads/insightface/src/data/out_data_crop//Iliya_Iliyn/Iliya_Iliyn_0082.png	5
1	/home/ti/Downloads/insightface/src/data/out_data_crop//Iliya_Iliyn/Iliya_Iliyn_0031.png	5
1	/home/ti/Downloads/insightface/src/data/out_data_crop//Iliya_Iliyn/Iliya_Iliyn_0075.png	5
1	/home/ti/Downloads/insightface/src/data/out_data_crop//Iliya_Iliyn/Iliya_Iliyn_0040.png	5
1	/home/ti/Downloads/insightface/src/data/out_data_crop//Iliya_Iliyn/Iliya_Iliyn_0081.png	5
1	/home/ti/Downloads/insightface/src/data/out_data_crop//Iliya_Iliyn/Iliya_Iliyn_0026.png	5
1	/home/ti/Downloads/insightface/src/data/out_data_crop//Iliya_Iliyn/Iliya_Iliyn_0064.png	5
1	/home/ti/Downloads/insightface/src/data/out_data_crop//Iliya_Iliyn/Iliya_Iliyn_0019.png	5
1	/home/ti/Downloads/insightface/src/data/out_data_crop//Iliya_Iliyn/Iliya_Iliyn_0088.png	5
1	/home/ti/Downloads/insightface/src/data/out_data_crop//Iliya_Iliyn/Iliya_Iliyn_0038.png	5
1	/home/ti/Downloads/insightface/src/data/out_data_crop//Iliya_Iliyn/Iliya_Iliyn_0091.png	5
1	/home/ti/Downloads/insightface/src/data/out_data_crop//Iliya_Iliyn/Iliya_Iliyn_0061.png	5
1	/home/ti/Downloads/insightface/src/data/out_data_crop//Iliya_Iliyn/Iliya_Iliyn_0092.png	5
1	/home/ti/Downloads/insightface/src/data/out_data_crop//Iliya_Iliyn/Iliya_Iliyn_0018.png	5
1	/home/ti/Downloads/insightface/src/data/out_data_crop//Iliya_Iliyn/Iliya_Iliyn_0044.png	5
1	/home/ti/Downloads/insightface/src/data/out_data_crop//Iliya_Iliyn/Iliya_Iliyn_0006.png	5
1	/home/ti/Downloads/insightface/src/data/out_data_crop//Iliya_Iliyn/Iliya_Iliyn_0085.png	5
1	/home/ti/Downloads/insightface/src/data/out_data_crop//Iliya_Iliyn/Iliya_Iliyn_0022.png	5
1	/home/ti/Downloads/insightface/src/data/out_data_crop//Iliya_Iliyn/Iliya_Iliyn_0077.png	5
1	/home/ti/Downloads/insightface/src/data/out_data_crop//Iliya_Iliyn/Iliya_Iliyn_0068.png	5
1	/home/ti/Downloads/insightface/src/data/out_data_crop//Iliya_Iliyn/Iliya_Iliyn_0027.png	5
1	/home/ti/Downloads/insightface/src/data/out_data_crop//Iliya_Iliyn/Iliya_Iliyn_0066.png	5
1	/home/ti/Downloads/insightface/src/data/out_data_crop//Iliya_Iliyn/Iliya_Iliyn_0001.png	5
1	/home/ti/Downloads/insightface/src/data/out_data_crop//Iliya_Iliyn/Iliya_Iliyn_0023.png	5
1	/home/ti/Downloads/insightface/src/data/out_data_crop//Iliya_Iliyn/Iliya_Iliyn_0014.png	5
1	/home/ti/Downloads/insightface/src/data/out_data_crop//Iliya_Iliyn/Iliya_Iliyn_0069.png	5
1	/home/ti/Downloads/insightface/src/data/out_data_crop//Iliya_Iliyn/Iliya_Iliyn_0059.png	5
1	/home/ti/Downloads/insightface/src/data/out_data_crop//Iliya_Iliyn/Iliya_Iliyn_0043.png	5
1	/home/ti/Downloads/insightface/src/data/out_data_crop//Iliya_Iliyn/Iliya_Iliyn_0037.png	5
1	/home/ti/Downloads/insightface/src/data/out_data_crop//Iliya_Iliyn/Iliya_Iliyn_0073.png	5
1	/home/ti/Downloads/insightface/src/data/out_data_crop//Iliya_Iliyn/Iliya_Iliyn_0045.png	5
1	/home/ti/Downloads/insightface/src/data/out_data_crop//Iliya_Iliyn/Iliya_Iliyn_0070.png	5
1	/home/ti/Downloads/insightface/src/data/out_data_crop//Iliya_Iliyn/Iliya_Iliyn_0060.png	5
1	/home/ti/Downloads/insightface/src/data/out_data_crop//Iliya_Iliyn/Iliya_Iliyn_0017.png	5
1	/home/ti/Downloads/insightface/src/data/out_data_crop//Iliya_Iliyn/Iliya_Iliyn_0051.png	5
1	/home/ti/Downloads/insightface/src/data/out_data_crop//Iliya_Iliyn/Iliya_Iliyn_0046.png	5
1	/home/ti/Downloads/insightface/src/data/out_data_crop//Iliya_Iliyn/Iliya_Iliyn_0074.png	5
1	/home/ti/Downloads/insightface/src/data/out_data_crop//Iliya_Iliyn/Iliya_Iliyn_0024.png	5
1	/home/ti/Downloads/insightface/src/data/out_data_crop//Iliya_Iliyn/Iliya_Iliyn_0090.png	5
1	/home/ti/Downloads/insightface/src/data/out_data_crop//Iliya_Iliyn/Iliya_Iliyn_0032.png	5
1	/home/ti/Downloads/insightface/src/data/out_data_crop//Iliya_Iliyn/Iliya_Iliyn_0002.png	5
1	/home/ti/Downloads/insightface/src/data/out_data_crop//Iliya_Iliyn/Iliya_Iliyn_0005.png	5
1	/home/ti/Downloads/insightface/src/data/out_data_crop//Iliya_Iliyn/Iliya_Iliyn_0048.png	5
1	/home/ti/Downloads/insightface/src/data/out_data_crop//Iliya_Iliyn/Iliya_Iliyn_0062.png	5
1	/home/ti/Downloads/insightface/src/data/out_data_crop//Iliya_Iliyn/Iliya_Iliyn_0093.png	5
1	/home/ti/Downloads/insightface/src/data/out_data_crop//Iliya_Iliyn/Iliya_Iliyn_0056.png	5
1	/home/ti/Downloads/insightface/src/data/out_data_crop//Iliya_Iliyn/Iliya_Iliyn_0084.png	5
1	/home/ti/Downloads/insightface/src/data/out_data_crop//Iliya_Iliyn/Iliya_Iliyn_0076.png	5
1	/home/ti/Downloads/insightface/src/data/out_data_crop//Iliya_Iliyn/Iliya_Iliyn_0079.png	5
1	/home/ti/Downloads/insightface/src/data/out_data_crop//Iliya_Iliyn/Iliya_Iliyn_0087.png	5
1	/home/ti/Downloads/insightface/src/data/out_data_crop//Iliya_Iliyn/Iliya_Iliyn_0065.png	5
1	/home/ti/Downloads/insightface/src/data/out_data_crop//Iliya_Iliyn/Iliya_Iliyn_0007.png	5
1	/home/ti/Downloads/insightface/src/data/out_data_crop//Iliya_Iliyn/Iliya_Iliyn_0009.png	5
1	/home/ti/Downloads/insightface/src/data/out_data_crop//Iliya_Iliyn/Iliya_Iliyn_0039.png	5
1	/home/ti/Downloads/insightface/src/data/out_data_crop//Iliya_Iliyn/Iliya_Iliyn_0041.png	5
1	/home/ti/Downloads/insightface/src/data/out_data_crop//Iliya_Iliyn/Iliya_Iliyn_0004.png	5
1	/home/ti/Downloads/insightface/src/data/out_data_crop//Iliya_Iliyn/Iliya_Iliyn_0078.png	5
1	/home/ti/Downloads/insightface/src/data/out_data_crop//Iliya_Iliyn/Iliya_Iliyn_0015.png	5
1	/home/ti/Downloads/insightface/src/data/out_data_crop//Iliya_Iliyn/Iliya_Iliyn_0030.png	5
1	/home/ti/Downloads/insightface/src/data/out_data_crop//Iliya_Iliyn/Iliya_Iliyn_0034.png	5
1	/home/ti/Downloads/insightface/src/data/out_data_crop//Iliya_Iliyn/Iliya_Iliyn_0095.png	5
1	/home/ti/Downloads/insightface/src/data/out_data_crop//Iliya_Iliyn/Iliya_Iliyn_0083.png	5
1	/home/ti/Downloads/insightface/src/data/out_data_crop//Iliya_Iliyn/Iliya_Iliyn_0058.png	5
1	/home/ti/Downloads/insightface/src/data/out_data_crop//Iliya_Iliyn/Iliya_Iliyn_0012.png	5
1	/home/ti/Downloads/insightface/src/data/out_data_crop//Iliya_Iliyn/Iliya_Iliyn_0020.png	5
1	/home/ti/Downloads/insightface/src/data/out_data_crop//Iliya_Iliyn/Iliya_Iliyn_0025.png	5
1	/home/ti/Downloads/insightface/src/data/out_data_crop//Iliya_Iliyn/Iliya_Iliyn_0089.png	5
1	/home/ti/Downloads/insightface/src/data/out_data_crop//Iliya_Iliyn/Iliya_Iliyn_0003.png	5
1	/home/ti/Downloads/insightface/src/data/out_data_crop//Iliya_Iliyn/Iliya_Iliyn_0094.png	5
1	/home/ti/Downloads/insightface/src/data/out_data_crop//Iliya_Iliyn/Iliya_Iliyn_0053.png	5
1	/home/ti/Downloads/insightface/src/data/out_data_crop//Iliya_Iliyn/Iliya_Iliyn_0057.png	5
1	/home/ti/Downloads/insightface/src/data/out_data_crop//Kairat_Nurtas/Kairat_Nurtas_0051.png	6
1	/home/ti/Downloads/insightface/src/data/out_data_crop//Kairat_Nurtas/Kairat_Nurtas_0040.png	6
1	/home/ti/Downloads/insightface/src/data/out_data_crop//Kairat_Nurtas/Kairat_Nurtas_0067.png	6
1	/home/ti/Downloads/insightface/src/data/out_data_crop//Kairat_Nurtas/Kairat_Nurtas_0062.png	6
1	/home/ti/Downloads/insightface/src/data/out_data_crop//Kairat_Nurtas/Kairat_Nurtas_0041.png	6
1	/home/ti/Downloads/insightface/src/data/out_data_crop//Kairat_Nurtas/Kairat_Nurtas_0033.png	6
1	/home/ti/Downloads/insightface/src/data/out_data_crop//Kairat_Nurtas/Kairat_Nurtas_0038.png	6
1	/home/ti/Downloads/insightface/src/data/out_data_crop//Kairat_Nurtas/Kairat_Nurtas_0018.png	6
1	/home/ti/Downloads/insightface/src/data/out_data_crop//Kairat_Nurtas/Kairat_Nurtas_0024.png	6
1	/home/ti/Downloads/insightface/src/data/out_data_crop//Kairat_Nurtas/Kairat_Nurtas_0069.png	6
1	/home/ti/Downloads/insightface/src/data/out_data_crop//Kairat_Nurtas/Kairat_Nurtas_0072.png	6
1	/home/ti/Downloads/insightface/src/data/out_data_crop//Kairat_Nurtas/Kairat_Nurtas_0036.png	6
1	/home/ti/Downloads/insightface/src/data/out_data_crop//Kairat_Nurtas/Kairat_Nurtas_0002.png	6
1	/home/ti/Downloads/insightface/src/data/out_data_crop//Kairat_Nurtas/Kairat_Nurtas_0006.png	6
1	/home/ti/Downloads/insightface/src/data/out_data_crop//Kairat_Nurtas/Kairat_Nurtas_0017.png	6
1	/home/ti/Downloads/insightface/src/data/out_data_crop//Kairat_Nurtas/Kairat_Nurtas_0070.png	6
1	/home/ti/Downloads/insightface/src/data/out_data_crop//Kairat_Nurtas/Kairat_Nurtas_0005.png	6
1	/home/ti/Downloads/insightface/src/data/out_data_crop//Kairat_Nurtas/Kairat_Nurtas_0016.png	6
1	/home/ti/Downloads/insightface/src/data/out_data_crop//Kairat_Nurtas/Kairat_Nurtas_0011.png	6
1	/home/ti/Downloads/insightface/src/data/out_data_crop//Kairat_Nurtas/Kairat_Nurtas_0052.png	6
1	/home/ti/Downloads/insightface/src/data/out_data_crop//Kairat_Nurtas/Kairat_Nurtas_0037.png	6
1	/home/ti/Downloads/insightface/src/data/out_data_crop//Kairat_Nurtas/Kairat_Nurtas_0050.png	6
1	/home/ti/Downloads/insightface/src/data/out_data_crop//Kairat_Nurtas/Kairat_Nurtas_0075.png	6
1	/home/ti/Downloads/insightface/src/data/out_data_crop//Kairat_Nurtas/Kairat_Nurtas_0023.png	6
1	/home/ti/Downloads/insightface/src/data/out_data_crop//Kairat_Nurtas/Kairat_Nurtas_0003.png	6
1	/home/ti/Downloads/insightface/src/data/out_data_crop//Kairat_Nurtas/Kairat_Nurtas_0057.png	6
1	/home/ti/Downloads/insightface/src/data/out_data_crop//Kairat_Nurtas/Kairat_Nurtas_0058.png	6
1	/home/ti/Downloads/insightface/src/data/out_data_crop//Kairat_Nurtas/Kairat_Nurtas_0009.png	6
1	/home/ti/Downloads/insightface/src/data/out_data_crop//Kairat_Nurtas/Kairat_Nurtas_0090.png	6
1	/home/ti/Downloads/insightface/src/data/out_data_crop//Kairat_Nurtas/Kairat_Nurtas_0042.png	6
1	/home/ti/Downloads/insightface/src/data/out_data_crop//Kairat_Nurtas/Kairat_Nurtas_0027.png	6
1	/home/ti/Downloads/insightface/src/data/out_data_crop//Kairat_Nurtas/Kairat_Nurtas_0056.png	6
1	/home/ti/Downloads/insightface/src/data/out_data_crop//Kairat_Nurtas/Kairat_Nurtas_0046.png	6
1	/home/ti/Downloads/insightface/src/data/out_data_crop//Kairat_Nurtas/Kairat_Nurtas_0026.png	6
1	/home/ti/Downloads/insightface/src/data/out_data_crop//Kairat_Nurtas/Kairat_Nurtas_0091.png	6
1	/home/ti/Downloads/insightface/src/data/out_data_crop//Kairat_Nurtas/Kairat_Nurtas_0044.png	6
1	/home/ti/Downloads/insightface/src/data/out_data_crop//Kairat_Nurtas/Kairat_Nurtas_0074.png	6
1	/home/ti/Downloads/insightface/src/data/out_data_crop//Kairat_Nurtas/Kairat_Nurtas_0060.png	6
1	/home/ti/Downloads/insightface/src/data/out_data_crop//Kairat_Nurtas/Kairat_Nurtas_0048.png	6
1	/home/ti/Downloads/insightface/src/data/out_data_crop//Kairat_Nurtas/Kairat_Nurtas_0076.png	6
1	/home/ti/Downloads/insightface/src/data/out_data_crop//Kairat_Nurtas/Kairat_Nurtas_0035.png	6
1	/home/ti/Downloads/insightface/src/data/out_data_crop//Kairat_Nurtas/Kairat_Nurtas_0092.png	6
1	/home/ti/Downloads/insightface/src/data/out_data_crop//Kairat_Nurtas/Kairat_Nurtas_0093.png	6
1	/home/ti/Downloads/insightface/src/data/out_data_crop//Kairat_Nurtas/Kairat_Nurtas_0012.png	6
1	/home/ti/Downloads/insightface/src/data/out_data_crop//Kairat_Nurtas/Kairat_Nurtas_0073.png	6
1	/home/ti/Downloads/insightface/src/data/out_data_crop//Kairat_Nurtas/Kairat_Nurtas_0010.png	6
1	/home/ti/Downloads/insightface/src/data/out_data_crop//Kairat_Nurtas/Kairat_Nurtas_0020.png	6
1	/home/ti/Downloads/insightface/src/data/out_data_crop//Kairat_Nurtas/Kairat_Nurtas_0068.png	6
1	/home/ti/Downloads/insightface/src/data/out_data_crop//Kairat_Nurtas/Kairat_Nurtas_0007.png	6
1	/home/ti/Downloads/insightface/src/data/out_data_crop//Kairat_Nurtas/Kairat_Nurtas_0049.png	6
1	/home/ti/Downloads/insightface/src/data/out_data_crop//Kairat_Nurtas/Kairat_Nurtas_0082.png	6
1	/home/ti/Downloads/insightface/src/data/out_data_crop//Kairat_Nurtas/Kairat_Nurtas_0079.png	6
1	/home/ti/Downloads/insightface/src/data/out_data_crop//Kairat_Nurtas/Kairat_Nurtas_0019.png	6
1	/home/ti/Downloads/insightface/src/data/out_data_crop//Kairat_Nurtas/Kairat_Nurtas_0043.png	6
1	/home/ti/Downloads/insightface/src/data/out_data_crop//Kairat_Nurtas/Kairat_Nurtas_0055.png	6
1	/home/ti/Downloads/insightface/src/data/out_data_crop//Kairat_Nurtas/Kairat_Nurtas_0032.png	6
1	/home/ti/Downloads/insightface/src/data/out_data_crop//Kairat_Nurtas/Kairat_Nurtas_0083.png	6
1	/home/ti/Downloads/insightface/src/data/out_data_crop//Kairat_Nurtas/Kairat_Nurtas_0084.png	6
1	/home/ti/Downloads/insightface/src/data/out_data_crop//Kairat_Nurtas/Kairat_Nurtas_0065.png	6
1	/home/ti/Downloads/insightface/src/data/out_data_crop//Kairat_Nurtas/Kairat_Nurtas_0001.png	6
1	/home/ti/Downloads/insightface/src/data/out_data_crop//Kairat_Nurtas/Kairat_Nurtas_0089.png	6
1	/home/ti/Downloads/insightface/src/data/out_data_crop//Kairat_Nurtas/Kairat_Nurtas_0078.png	6
1	/home/ti/Downloads/insightface/src/data/out_data_crop//Kairat_Nurtas/Kairat_Nurtas_0039.png	6
1	/home/ti/Downloads/insightface/src/data/out_data_crop//Kairat_Nurtas/Kairat_Nurtas_0025.png	6
1	/home/ti/Downloads/insightface/src/data/out_data_crop//Kairat_Nurtas/Kairat_Nurtas_0071.png	6
1	/home/ti/Downloads/insightface/src/data/out_data_crop//Kairat_Nurtas/Kairat_Nurtas_0087.png	6
1	/home/ti/Downloads/insightface/src/data/out_data_crop//Kairat_Nurtas/Kairat_Nurtas_0034.png	6
1	/home/ti/Downloads/insightface/src/data/out_data_crop//Kairat_Nurtas/Kairat_Nurtas_0028.png	6
1	/home/ti/Downloads/insightface/src/data/out_data_crop//Kairat_Nurtas/Kairat_Nurtas_0004.png	6
1	/home/ti/Downloads/insightface/src/data/out_data_crop//Kairat_Nurtas/Kairat_Nurtas_0029.png	6
1	/home/ti/Downloads/insightface/src/data/out_data_crop//Kairat_Nurtas/Kairat_Nurtas_0059.png	6
1	/home/ti/Downloads/insightface/src/data/out_data_crop//Kairat_Nurtas/Kairat_Nurtas_0061.png	6
1	/home/ti/Downloads/insightface/src/data/out_data_crop//Kairat_Nurtas/Kairat_Nurtas_0015.png	6
1	/home/ti/Downloads/insightface/src/data/out_data_crop//Kairat_Nurtas/Kairat_Nurtas_0031.png	6
1	/home/ti/Downloads/insightface/src/data/out_data_crop//Kairat_Nurtas/Kairat_Nurtas_0008.png	6
1	/home/ti/Downloads/insightface/src/data/out_data_crop//Kairat_Nurtas/Kairat_Nurtas_0030.png	6
1	/home/ti/Downloads/insightface/src/data/out_data_crop//Kairat_Nurtas/Kairat_Nurtas_0063.png	6
1	/home/ti/Downloads/insightface/src/data/out_data_crop//Kairat_Nurtas/Kairat_Nurtas_0064.png	6
1	/home/ti/Downloads/insightface/src/data/out_data_crop//Kairat_Nurtas/Kairat_Nurtas_0047.png	6
1	/home/ti/Downloads/insightface/src/data/out_data_crop//Kairat_Nurtas/Kairat_Nurtas_0066.png	6
1	/home/ti/Downloads/insightface/src/data/out_data_crop//Kairat_Nurtas/Kairat_Nurtas_0054.png	6
1	/home/ti/Downloads/insightface/src/data/out_data_crop//Kairat_Nurtas/Kairat_Nurtas_0021.png	6
1	/home/ti/Downloads/insightface/src/data/out_data_crop//Kairat_Nurtas/Kairat_Nurtas_0014.png	6
1	/home/ti/Downloads/insightface/src/data/out_data_crop//Kairat_Nurtas/Kairat_Nurtas_0080.png	6
1	/home/ti/Downloads/insightface/src/data/out_data_crop//Kairat_Nurtas/Kairat_Nurtas_0022.png	6
1	/home/ti/Downloads/insightface/src/data/out_data_crop//Kairat_Nurtas/Kairat_Nurtas_0045.png	6
1	/home/ti/Downloads/insightface/src/data/out_data_crop//Kairat_Nurtas/Kairat_Nurtas_0053.png	6
1	/home/ti/Downloads/insightface/src/data/out_data_crop//Kairat_Nurtas/Kairat_Nurtas_0085.png	6
1	/home/ti/Downloads/insightface/src/data/out_data_crop//Kairat_Nurtas/Kairat_Nurtas_0086.png	6
1	/home/ti/Downloads/insightface/src/data/out_data_crop//Kairat_Nurtas/Kairat_Nurtas_0081.png	6
1	/home/ti/Downloads/insightface/src/data/out_data_crop//Kairat_Nurtas/Kairat_Nurtas_0013.png	6
1	/home/ti/Downloads/insightface/src/data/out_data_crop//Kairat_Nurtas/Kairat_Nurtas_0077.png	6
1	/home/ti/Downloads/insightface/src/data/out_data_crop//Kairat_Nurtas/Kairat_Nurtas_0088.png	6
1	/home/ti/Downloads/insightface/src/data/out_data_crop//Saken_Maigaziyev/Saken_Maigaziyev_0034.png	7
1	/home/ti/Downloads/insightface/src/data/out_data_crop//Saken_Maigaziyev/Saken_Maigaziyev_0061.png	7
1	/home/ti/Downloads/insightface/src/data/out_data_crop//Saken_Maigaziyev/Saken_Maigaziyev_0042.png	7
1	/home/ti/Downloads/insightface/src/data/out_data_crop//Saken_Maigaziyev/Saken_Maigaziyev_0071.png	7
1	/home/ti/Downloads/insightface/src/data/out_data_crop//Saken_Maigaziyev/Saken_Maigaziyev_0060.png	7
1	/home/ti/Downloads/insightface/src/data/out_data_crop//Saken_Maigaziyev/Saken_Maigaziyev_0050.png	7
1	/home/ti/Downloads/insightface/src/data/out_data_crop//Saken_Maigaziyev/Saken_Maigaziyev_0067.png	7
1	/home/ti/Downloads/insightface/src/data/out_data_crop//Saken_Maigaziyev/Saken_Maigaziyev_0028.png	7
1	/home/ti/Downloads/insightface/src/data/out_data_crop//Saken_Maigaziyev/Saken_Maigaziyev_0046.png	7
1	/home/ti/Downloads/insightface/src/data/out_data_crop//Saken_Maigaziyev/Saken_Maigaziyev_0080.png	7
1	/home/ti/Downloads/insightface/src/data/out_data_crop//Saken_Maigaziyev/Saken_Maigaziyev_0069.png	7
1	/home/ti/Downloads/insightface/src/data/out_data_crop//Saken_Maigaziyev/Saken_Maigaziyev_0038.png	7
1	/home/ti/Downloads/insightface/src/data/out_data_crop//Saken_Maigaziyev/Saken_Maigaziyev_0019.png	7
1	/home/ti/Downloads/insightface/src/data/out_data_crop//Saken_Maigaziyev/Saken_Maigaziyev_0075.png	7
1	/home/ti/Downloads/insightface/src/data/out_data_crop//Saken_Maigaziyev/Saken_Maigaziyev_0070.png	7
1	/home/ti/Downloads/insightface/src/data/out_data_crop//Saken_Maigaziyev/Saken_Maigaziyev_0039.png	7
1	/home/ti/Downloads/insightface/src/data/out_data_crop//Saken_Maigaziyev/Saken_Maigaziyev_0054.png	7
1	/home/ti/Downloads/insightface/src/data/out_data_crop//Saken_Maigaziyev/Saken_Maigaziyev_0012.png	7
1	/home/ti/Downloads/insightface/src/data/out_data_crop//Saken_Maigaziyev/Saken_Maigaziyev_0022.png	7
1	/home/ti/Downloads/insightface/src/data/out_data_crop//Saken_Maigaziyev/Saken_Maigaziyev_0018.png	7
1	/home/ti/Downloads/insightface/src/data/out_data_crop//Saken_Maigaziyev/Saken_Maigaziyev_0030.png	7
1	/home/ti/Downloads/insightface/src/data/out_data_crop//Saken_Maigaziyev/Saken_Maigaziyev_0033.png	7
1	/home/ti/Downloads/insightface/src/data/out_data_crop//Saken_Maigaziyev/Saken_Maigaziyev_0082.png	7
1	/home/ti/Downloads/insightface/src/data/out_data_crop//Saken_Maigaziyev/Saken_Maigaziyev_0087.png	7
1	/home/ti/Downloads/insightface/src/data/out_data_crop//Saken_Maigaziyev/Saken_Maigaziyev_0084.png	7
1	/home/ti/Downloads/insightface/src/data/out_data_crop//Saken_Maigaziyev/Saken_Maigaziyev_0077.png	7
1	/home/ti/Downloads/insightface/src/data/out_data_crop//Saken_Maigaziyev/Saken_Maigaziyev_0040.png	7
1	/home/ti/Downloads/insightface/src/data/out_data_crop//Saken_Maigaziyev/Saken_Maigaziyev_0051.png	7
1	/home/ti/Downloads/insightface/src/data/out_data_crop//Saken_Maigaziyev/Saken_Maigaziyev_0055.png	7
1	/home/ti/Downloads/insightface/src/data/out_data_crop//Saken_Maigaziyev/Saken_Maigaziyev_0056.png	7
1	/home/ti/Downloads/insightface/src/data/out_data_crop//Saken_Maigaziyev/Saken_Maigaziyev_0006.png	7
1	/home/ti/Downloads/insightface/src/data/out_data_crop//Saken_Maigaziyev/Saken_Maigaziyev_0013.png	7
1	/home/ti/Downloads/insightface/src/data/out_data_crop//Saken_Maigaziyev/Saken_Maigaziyev_0045.png	7
1	/home/ti/Downloads/insightface/src/data/out_data_crop//Saken_Maigaziyev/Saken_Maigaziyev_0014.png	7
1	/home/ti/Downloads/insightface/src/data/out_data_crop//Saken_Maigaziyev/Saken_Maigaziyev_0008.png	7
1	/home/ti/Downloads/insightface/src/data/out_data_crop//Saken_Maigaziyev/Saken_Maigaziyev_0027.png	7
1	/home/ti/Downloads/insightface/src/data/out_data_crop//Saken_Maigaziyev/Saken_Maigaziyev_0057.png	7
1	/home/ti/Downloads/insightface/src/data/out_data_crop//Saken_Maigaziyev/Saken_Maigaziyev_0053.png	7
1	/home/ti/Downloads/insightface/src/data/out_data_crop//Saken_Maigaziyev/Saken_Maigaziyev_0066.png	7
1	/home/ti/Downloads/insightface/src/data/out_data_crop//Saken_Maigaziyev/Saken_Maigaziyev_0025.png	7
1	/home/ti/Downloads/insightface/src/data/out_data_crop//Saken_Maigaziyev/Saken_Maigaziyev_0026.png	7
1	/home/ti/Downloads/insightface/src/data/out_data_crop//Saken_Maigaziyev/Saken_Maigaziyev_0068.png	7
1	/home/ti/Downloads/insightface/src/data/out_data_crop//Saken_Maigaziyev/Saken_Maigaziyev_0021.png	7
1	/home/ti/Downloads/insightface/src/data/out_data_crop//Saken_Maigaziyev/Saken_Maigaziyev_0001.png	7
1	/home/ti/Downloads/insightface/src/data/out_data_crop//Saken_Maigaziyev/Saken_Maigaziyev_0086.png	7
1	/home/ti/Downloads/insightface/src/data/out_data_crop//Saken_Maigaziyev/Saken_Maigaziyev_0062.png	7
1	/home/ti/Downloads/insightface/src/data/out_data_crop//Saken_Maigaziyev/Saken_Maigaziyev_0059.png	7
1	/home/ti/Downloads/insightface/src/data/out_data_crop//Saken_Maigaziyev/Saken_Maigaziyev_0015.png	7
1	/home/ti/Downloads/insightface/src/data/out_data_crop//Saken_Maigaziyev/Saken_Maigaziyev_0007.png	7
1	/home/ti/Downloads/insightface/src/data/out_data_crop//Saken_Maigaziyev/Saken_Maigaziyev_0011.png	7
1	/home/ti/Downloads/insightface/src/data/out_data_crop//Saken_Maigaziyev/Saken_Maigaziyev_0017.png	7
1	/home/ti/Downloads/insightface/src/data/out_data_crop//Saken_Maigaziyev/Saken_Maigaziyev_0035.png	7
1	/home/ti/Downloads/insightface/src/data/out_data_crop//Saken_Maigaziyev/Saken_Maigaziyev_0024.png	7
1	/home/ti/Downloads/insightface/src/data/out_data_crop//Saken_Maigaziyev/Saken_Maigaziyev_0052.png	7
1	/home/ti/Downloads/insightface/src/data/out_data_crop//Saken_Maigaziyev/Saken_Maigaziyev_0043.png	7
1	/home/ti/Downloads/insightface/src/data/out_data_crop//Saken_Maigaziyev/Saken_Maigaziyev_0016.png	7
1	/home/ti/Downloads/insightface/src/data/out_data_crop//Saken_Maigaziyev/Saken_Maigaziyev_0079.png	7
1	/home/ti/Downloads/insightface/src/data/out_data_crop//Saken_Maigaziyev/Saken_Maigaziyev_0085.png	7
1	/home/ti/Downloads/insightface/src/data/out_data_crop//Saken_Maigaziyev/Saken_Maigaziyev_0023.png	7
1	/home/ti/Downloads/insightface/src/data/out_data_crop//Saken_Maigaziyev/Saken_Maigaziyev_0036.png	7
1	/home/ti/Downloads/insightface/src/data/out_data_crop//Saken_Maigaziyev/Saken_Maigaziyev_0076.png	7
1	/home/ti/Downloads/insightface/src/data/out_data_crop//Saken_Maigaziyev/Saken_Maigaziyev_0003.png	7
1	/home/ti/Downloads/insightface/src/data/out_data_crop//Saken_Maigaziyev/Saken_Maigaziyev_0020.png	7
1	/home/ti/Downloads/insightface/src/data/out_data_crop//Saken_Maigaziyev/Saken_Maigaziyev_0009.png	7
1	/home/ti/Downloads/insightface/src/data/out_data_crop//Saken_Maigaziyev/Saken_Maigaziyev_0004.png	7
1	/home/ti/Downloads/insightface/src/data/out_data_crop//Saken_Maigaziyev/Saken_Maigaziyev_0064.png	7
1	/home/ti/Downloads/insightface/src/data/out_data_crop//Saken_Maigaziyev/Saken_Maigaziyev_0005.png	7
1	/home/ti/Downloads/insightface/src/data/out_data_crop//Saken_Maigaziyev/Saken_Maigaziyev_0010.png	7
1	/home/ti/Downloads/insightface/src/data/out_data_crop//Saken_Maigaziyev/Saken_Maigaziyev_0065.png	7
1	/home/ti/Downloads/insightface/src/data/out_data_crop//Saken_Maigaziyev/Saken_Maigaziyev_0031.png	7
1	/home/ti/Downloads/insightface/src/data/out_data_crop//Saken_Maigaziyev/Saken_Maigaziyev_0072.png	7
1	/home/ti/Downloads/insightface/src/data/out_data_crop//Saken_Maigaziyev/Saken_Maigaziyev_0002.png	7
1	/home/ti/Downloads/insightface/src/data/out_data_crop//Saken_Maigaziyev/Saken_Maigaziyev_0041.png	7
1	/home/ti/Downloads/insightface/src/data/out_data_crop//Saken_Maigaziyev/Saken_Maigaziyev_0032.png	7
1	/home/ti/Downloads/insightface/src/data/out_data_crop//Saken_Maigaziyev/Saken_Maigaziyev_0044.png	7
1	/home/ti/Downloads/insightface/src/data/out_data_crop//Saken_Maigaziyev/Saken_Maigaziyev_0063.png	7
1	/home/ti/Downloads/insightface/src/data/out_data_crop//Saken_Maigaziyev/Saken_Maigaziyev_0078.png	7
1	/home/ti/Downloads/insightface/src/data/out_data_crop//Saken_Maigaziyev/Saken_Maigaziyev_0083.png	7
1	/home/ti/Downloads/insightface/src/data/out_data_crop//Saken_Maigaziyev/Saken_Maigaziyev_0073.png	7
1	/home/ti/Downloads/insightface/src/data/out_data_crop//Saken_Maigaziyev/Saken_Maigaziyev_0049.png	7
1	/home/ti/Downloads/insightface/src/data/out_data_crop//Saken_Maigaziyev/Saken_Maigaziyev_0047.png	7
1	/home/ti/Downloads/insightface/src/data/out_data_crop//Saken_Maigaziyev/Saken_Maigaziyev_0088.png	7
1	/home/ti/Downloads/insightface/src/data/out_data_crop//Saken_Maigaziyev/Saken_Maigaziyev_0029.png	7
1	/home/ti/Downloads/insightface/src/data/out_data_crop//Saken_Maigaziyev/Saken_Maigaziyev_0037.png	7
1	/home/ti/Downloads/insightface/src/data/out_data_crop//Saken_Maigaziyev/Saken_Maigaziyev_0074.png	7
1	/home/ti/Downloads/insightface/src/data/out_data_crop//Saken_Maigaziyev/Saken_Maigaziyev_0058.png	7
1	/home/ti/Downloads/insightface/src/data/out_data_crop//Saken_Maigaziyev/Saken_Maigaziyev_0048.png	7
1	/home/ti/Downloads/insightface/src/data/out_data_crop//Saken_Maigaziyev/Saken_Maigaziyev_0081.png	7
1	/home/ti/Downloads/insightface/src/data/out_data_crop//Talgat_Bigeldinov/Talgat_Bigeldinov_0003.png	8
1	/home/ti/Downloads/insightface/src/data/out_data_crop//Talgat_Bigeldinov/Talgat_Bigeldinov_0002.png	8
1	/home/ti/Downloads/insightface/src/data/out_data_crop//Talgat_Bigeldinov/Talgat_Bigeldinov_0001.png	8
1	/home/ti/Downloads/insightface/src/data/out_data_crop//Zhanar_Dugalova/Zhanar_Dugalova_0027.png	9
1	/home/ti/Downloads/insightface/src/data/out_data_crop//Zhanar_Dugalova/Zhanar_Dugalova_0050.png	9
1	/home/ti/Downloads/insightface/src/data/out_data_crop//Zhanar_Dugalova/Zhanar_Dugalova_0001.png	9
1	/home/ti/Downloads/insightface/src/data/out_data_crop//Zhanar_Dugalova/Zhanar_Dugalova_0032.png	9
1	/home/ti/Downloads/insightface/src/data/out_data_crop//Zhanar_Dugalova/Zhanar_Dugalova_0003.png	9
1	/home/ti/Downloads/insightface/src/data/out_data_crop//Zhanar_Dugalova/Zhanar_Dugalova_0070.png	9
1	/home/ti/Downloads/insightface/src/data/out_data_crop//Zhanar_Dugalova/Zhanar_Dugalova_0076.png	9
1	/home/ti/Downloads/insightface/src/data/out_data_crop//Zhanar_Dugalova/Zhanar_Dugalova_0037.png	9
1	/home/ti/Downloads/insightface/src/data/out_data_crop//Zhanar_Dugalova/Zhanar_Dugalova_0040.png	9
1	/home/ti/Downloads/insightface/src/data/out_data_crop//Zhanar_Dugalova/Zhanar_Dugalova_0020.png	9
1	/home/ti/Downloads/insightface/src/data/out_data_crop//Zhanar_Dugalova/Zhanar_Dugalova_0023.png	9
1	/home/ti/Downloads/insightface/src/data/out_data_crop//Zhanar_Dugalova/Zhanar_Dugalova_0094.png	9
1	/home/ti/Downloads/insightface/src/data/out_data_crop//Zhanar_Dugalova/Zhanar_Dugalova_0079.png	9
1	/home/ti/Downloads/insightface/src/data/out_data_crop//Zhanar_Dugalova/Zhanar_Dugalova_0071.png	9
1	/home/ti/Downloads/insightface/src/data/out_data_crop//Zhanar_Dugalova/Zhanar_Dugalova_0026.png	9
1	/home/ti/Downloads/insightface/src/data/out_data_crop//Zhanar_Dugalova/Zhanar_Dugalova_0059.png	9
1	/home/ti/Downloads/insightface/src/data/out_data_crop//Zhanar_Dugalova/Zhanar_Dugalova_0029.png	9
1	/home/ti/Downloads/insightface/src/data/out_data_crop//Zhanar_Dugalova/Zhanar_Dugalova_0017.png	9
1	/home/ti/Downloads/insightface/src/data/out_data_crop//Zhanar_Dugalova/Zhanar_Dugalova_0051.png	9
1	/home/ti/Downloads/insightface/src/data/out_data_crop//Zhanar_Dugalova/Zhanar_Dugalova_0054.png	9
1	/home/ti/Downloads/insightface/src/data/out_data_crop//Zhanar_Dugalova/Zhanar_Dugalova_0083.png	9
1	/home/ti/Downloads/insightface/src/data/out_data_crop//Zhanar_Dugalova/Zhanar_Dugalova_0043.png	9
1	/home/ti/Downloads/insightface/src/data/out_data_crop//Zhanar_Dugalova/Zhanar_Dugalova_0008.png	9
1	/home/ti/Downloads/insightface/src/data/out_data_crop//Zhanar_Dugalova/Zhanar_Dugalova_0033.png	9
1	/home/ti/Downloads/insightface/src/data/out_data_crop//Zhanar_Dugalova/Zhanar_Dugalova_0048.png	9
1	/home/ti/Downloads/insightface/src/data/out_data_crop//Zhanar_Dugalova/Zhanar_Dugalova_0073.png	9
1	/home/ti/Downloads/insightface/src/data/out_data_crop//Zhanar_Dugalova/Zhanar_Dugalova_0005.png	9
1	/home/ti/Downloads/insightface/src/data/out_data_crop//Zhanar_Dugalova/Zhanar_Dugalova_0009.png	9
1	/home/ti/Downloads/insightface/src/data/out_data_crop//Zhanar_Dugalova/Zhanar_Dugalova_0088.png	9
1	/home/ti/Downloads/insightface/src/data/out_data_crop//Zhanar_Dugalova/Zhanar_Dugalova_0010.png	9
1	/home/ti/Downloads/insightface/src/data/out_data_crop//Zhanar_Dugalova/Zhanar_Dugalova_0066.png	9
1	/home/ti/Downloads/insightface/src/data/out_data_crop//Zhanar_Dugalova/Zhanar_Dugalova_0038.png	9
1	/home/ti/Downloads/insightface/src/data/out_data_crop//Zhanar_Dugalova/Zhanar_Dugalova_0025.png	9
1	/home/ti/Downloads/insightface/src/data/out_data_crop//Zhanar_Dugalova/Zhanar_Dugalova_0056.png	9
1	/home/ti/Downloads/insightface/src/data/out_data_crop//Zhanar_Dugalova/Zhanar_Dugalova_0087.png	9
1	/home/ti/Downloads/insightface/src/data/out_data_crop//Zhanar_Dugalova/Zhanar_Dugalova_0035.png	9
1	/home/ti/Downloads/insightface/src/data/out_data_crop//Zhanar_Dugalova/Zhanar_Dugalova_0052.png	9
1	/home/ti/Downloads/insightface/src/data/out_data_crop//Zhanar_Dugalova/Zhanar_Dugalova_0053.png	9
1	/home/ti/Downloads/insightface/src/data/out_data_crop//Zhanar_Dugalova/Zhanar_Dugalova_0068.png	9
1	/home/ti/Downloads/insightface/src/data/out_data_crop//Zhanar_Dugalova/Zhanar_Dugalova_0021.png	9
1	/home/ti/Downloads/insightface/src/data/out_data_crop//Zhanar_Dugalova/Zhanar_Dugalova_0042.png	9
1	/home/ti/Downloads/insightface/src/data/out_data_crop//Zhanar_Dugalova/Zhanar_Dugalova_0078.png	9
1	/home/ti/Downloads/insightface/src/data/out_data_crop//Zhanar_Dugalova/Zhanar_Dugalova_0089.png	9
1	/home/ti/Downloads/insightface/src/data/out_data_crop//Zhanar_Dugalova/Zhanar_Dugalova_0014.png	9
1	/home/ti/Downloads/insightface/src/data/out_data_crop//Zhanar_Dugalova/Zhanar_Dugalova_0015.png	9
1	/home/ti/Downloads/insightface/src/data/out_data_crop//Zhanar_Dugalova/Zhanar_Dugalova_0049.png	9
1	/home/ti/Downloads/insightface/src/data/out_data_crop//Zhanar_Dugalova/Zhanar_Dugalova_0063.png	9
1	/home/ti/Downloads/insightface/src/data/out_data_crop//Zhanar_Dugalova/Zhanar_Dugalova_0060.png	9
1	/home/ti/Downloads/insightface/src/data/out_data_crop//Zhanar_Dugalova/Zhanar_Dugalova_0004.png	9
1	/home/ti/Downloads/insightface/src/data/out_data_crop//Zhanar_Dugalova/Zhanar_Dugalova_0062.png	9
1	/home/ti/Downloads/insightface/src/data/out_data_crop//Zhanar_Dugalova/Zhanar_Dugalova_0081.png	9
1	/home/ti/Downloads/insightface/src/data/out_data_crop//Zhanar_Dugalova/Zhanar_Dugalova_0028.png	9
1	/home/ti/Downloads/insightface/src/data/out_data_crop//Zhanar_Dugalova/Zhanar_Dugalova_0084.png	9
1	/home/ti/Downloads/insightface/src/data/out_data_crop//Zhanar_Dugalova/Zhanar_Dugalova_0095.png	9
1	/home/ti/Downloads/insightface/src/data/out_data_crop//Zhanar_Dugalova/Zhanar_Dugalova_0061.png	9
1	/home/ti/Downloads/insightface/src/data/out_data_crop//Zhanar_Dugalova/Zhanar_Dugalova_0044.png	9
1	/home/ti/Downloads/insightface/src/data/out_data_crop//Zhanar_Dugalova/Zhanar_Dugalova_0046.png	9
1	/home/ti/Downloads/insightface/src/data/out_data_crop//Zhanar_Dugalova/Zhanar_Dugalova_0045.png	9
1	/home/ti/Downloads/insightface/src/data/out_data_crop//Zhanar_Dugalova/Zhanar_Dugalova_0080.png	9
1	/home/ti/Downloads/insightface/src/data/out_data_crop//Zhanar_Dugalova/Zhanar_Dugalova_0039.png	9
1	/home/ti/Downloads/insightface/src/data/out_data_crop//Zhanar_Dugalova/Zhanar_Dugalova_0093.png	9
1	/home/ti/Downloads/insightface/src/data/out_data_crop//Zhanar_Dugalova/Zhanar_Dugalova_0074.png	9
1	/home/ti/Downloads/insightface/src/data/out_data_crop//Zhanar_Dugalova/Zhanar_Dugalova_0041.png	9
1	/home/ti/Downloads/insightface/src/data/out_data_crop//Zhanar_Dugalova/Zhanar_Dugalova_0018.png	9
1	/home/ti/Downloads/insightface/src/data/out_data_crop//Zhanar_Dugalova/Zhanar_Dugalova_0019.png	9
1	/home/ti/Downloads/insightface/src/data/out_data_crop//Zhanar_Dugalova/Zhanar_Dugalova_0022.png	9
1	/home/ti/Downloads/insightface/src/data/out_data_crop//Zhanar_Dugalova/Zhanar_Dugalova_0091.png	9
1	/home/ti/Downloads/insightface/src/data/out_data_crop//Zhanar_Dugalova/Zhanar_Dugalova_0002.png	9
1	/home/ti/Downloads/insightface/src/data/out_data_crop//Zhanar_Dugalova/Zhanar_Dugalova_0058.png	9
1	/home/ti/Downloads/insightface/src/data/out_data_crop//Zhanar_Dugalova/Zhanar_Dugalova_0036.png	9
1	/home/ti/Downloads/insightface/src/data/out_data_crop//Zhanar_Dugalova/Zhanar_Dugalova_0011.png	9
1	/home/ti/Downloads/insightface/src/data/out_data_crop//Zhanar_Dugalova/Zhanar_Dugalova_0030.png	9
1	/home/ti/Downloads/insightface/src/data/out_data_crop//Zhanar_Dugalova/Zhanar_Dugalova_0090.png	9
1	/home/ti/Downloads/insightface/src/data/out_data_crop//Zhanar_Dugalova/Zhanar_Dugalova_0055.png	9
1	/home/ti/Downloads/insightface/src/data/out_data_crop//Zhanar_Dugalova/Zhanar_Dugalova_0077.png	9
1	/home/ti/Downloads/insightface/src/data/out_data_crop//Zhanar_Dugalova/Zhanar_Dugalova_0007.png	9
1	/home/ti/Downloads/insightface/src/data/out_data_crop//Zhanar_Dugalova/Zhanar_Dugalova_0067.png	9
1	/home/ti/Downloads/insightface/src/data/out_data_crop//Zhanar_Dugalova/Zhanar_Dugalova_0016.png	9
1	/home/ti/Downloads/insightface/src/data/out_data_crop//Zhanar_Dugalova/Zhanar_Dugalova_0064.png	9
1	/home/ti/Downloads/insightface/src/data/out_data_crop//Zhanar_Dugalova/Zhanar_Dugalova_0024.png	9
1	/home/ti/Downloads/insightface/src/data/out_data_crop//Zhanar_Dugalova/Zhanar_Dugalova_0013.png	9
1	/home/ti/Downloads/insightface/src/data/out_data_crop//Zhanar_Dugalova/Zhanar_Dugalova_0086.png	9
1	/home/ti/Downloads/insightface/src/data/out_data_crop//Zhanar_Dugalova/Zhanar_Dugalova_0006.png	9
1	/home/ti/Downloads/insightface/src/data/out_data_crop//Zhanar_Dugalova/Zhanar_Dugalova_0092.png	9
1	/home/ti/Downloads/insightface/src/data/out_data_crop//Zhanar_Dugalova/Zhanar_Dugalova_0034.png	9
1	/home/ti/Downloads/insightface/src/data/out_data_crop//Zhanar_Dugalova/Zhanar_Dugalova_0072.png	9
1	/home/ti/Downloads/insightface/src/data/out_data_crop//Zhanar_Dugalova/Zhanar_Dugalova_0082.png	9
1	/home/ti/Downloads/insightface/src/data/out_data_crop//Zhanar_Dugalova/Zhanar_Dugalova_0065.png	9
1	/home/ti/Downloads/insightface/src/data/out_data_crop//Zhanar_Dugalova/Zhanar_Dugalova_0031.png	9
1	/home/ti/Downloads/insightface/src/data/out_data_crop//Zhanar_Dugalova/Zhanar_Dugalova_0057.png	9
1	/home/ti/Downloads/insightface/src/data/out_data_crop//Zhanar_Dugalova/Zhanar_Dugalova_0075.png	9
1	/home/ti/Downloads/insightface/src/data/out_data_crop//Zhanar_Dugalova/Zhanar_Dugalova_0047.png	9
1	/home/ti/Downloads/insightface/src/data/out_data_crop//Zhanar_Dugalova/Zhanar_Dugalova_0069.png	9
1	/home/ti/Downloads/insightface/src/data/out_data_crop//Zhanar_Dugalova/Zhanar_Dugalova_0012.png	9
1	/home/ti/Downloads/insightface/src/data/out_data_crop//Zhanar_Dugalova/Zhanar_Dugalova_0085.png	9
1	/home/ti/Downloads/insightface/src/data/out_data_crop//Zhaniya_Djurinskaya/Zhaniya_Djurinskaya_0089.png	10
1	/home/ti/Downloads/insightface/src/data/out_data_crop//Zhaniya_Djurinskaya/Zhaniya_Djurinskaya_0013.png	10
1	/home/ti/Downloads/insightface/src/data/out_data_crop//Zhaniya_Djurinskaya/Zhaniya_Djurinskaya_0002.png	10
1	/home/ti/Downloads/insightface/src/data/out_data_crop//Zhaniya_Djurinskaya/Zhaniya_Djurinskaya_0030.png	10
1	/home/ti/Downloads/insightface/src/data/out_data_crop//Zhaniya_Djurinskaya/Zhaniya_Djurinskaya_0051.png	10
1	/home/ti/Downloads/insightface/src/data/out_data_crop//Zhaniya_Djurinskaya/Zhaniya_Djurinskaya_0029.png	10
1	/home/ti/Downloads/insightface/src/data/out_data_crop//Zhaniya_Djurinskaya/Zhaniya_Djurinskaya_0083.png	10
1	/home/ti/Downloads/insightface/src/data/out_data_crop//Zhaniya_Djurinskaya/Zhaniya_Djurinskaya_0005.png	10
1	/home/ti/Downloads/insightface/src/data/out_data_crop//Zhaniya_Djurinskaya/Zhaniya_Djurinskaya_0073.png	10
1	/home/ti/Downloads/insightface/src/data/out_data_crop//Zhaniya_Djurinskaya/Zhaniya_Djurinskaya_0060.png	10
1	/home/ti/Downloads/insightface/src/data/out_data_crop//Zhaniya_Djurinskaya/Zhaniya_Djurinskaya_0088.png	10
1	/home/ti/Downloads/insightface/src/data/out_data_crop//Zhaniya_Djurinskaya/Zhaniya_Djurinskaya_0031.png	10
1	/home/ti/Downloads/insightface/src/data/out_data_crop//Zhaniya_Djurinskaya/Zhaniya_Djurinskaya_0035.png	10
1	/home/ti/Downloads/insightface/src/data/out_data_crop//Zhaniya_Djurinskaya/Zhaniya_Djurinskaya_0079.png	10
1	/home/ti/Downloads/insightface/src/data/out_data_crop//Zhaniya_Djurinskaya/Zhaniya_Djurinskaya_0048.png	10
1	/home/ti/Downloads/insightface/src/data/out_data_crop//Zhaniya_Djurinskaya/Zhaniya_Djurinskaya_0010.png	10
1	/home/ti/Downloads/insightface/src/data/out_data_crop//Zhaniya_Djurinskaya/Zhaniya_Djurinskaya_0032.png	10
1	/home/ti/Downloads/insightface/src/data/out_data_crop//Zhaniya_Djurinskaya/Zhaniya_Djurinskaya_0077.png	10
1	/home/ti/Downloads/insightface/src/data/out_data_crop//Zhaniya_Djurinskaya/Zhaniya_Djurinskaya_0050.png	10
1	/home/ti/Downloads/insightface/src/data/out_data_crop//Zhaniya_Djurinskaya/Zhaniya_Djurinskaya_0064.png	10
1	/home/ti/Downloads/insightface/src/data/out_data_crop//Zhaniya_Djurinskaya/Zhaniya_Djurinskaya_0074.png	10
1	/home/ti/Downloads/insightface/src/data/out_data_crop//Zhaniya_Djurinskaya/Zhaniya_Djurinskaya_0066.png	10
1	/home/ti/Downloads/insightface/src/data/out_data_crop//Zhaniya_Djurinskaya/Zhaniya_Djurinskaya_0076.png	10
1	/home/ti/Downloads/insightface/src/data/out_data_crop//Zhaniya_Djurinskaya/Zhaniya_Djurinskaya_0059.png	10
1	/home/ti/Downloads/insightface/src/data/out_data_crop//Zhaniya_Djurinskaya/Zhaniya_Djurinskaya_0090.png	10
1	/home/ti/Downloads/insightface/src/data/out_data_crop//Zhaniya_Djurinskaya/Zhaniya_Djurinskaya_0039.png	10
1	/home/ti/Downloads/insightface/src/data/out_data_crop//Zhaniya_Djurinskaya/Zhaniya_Djurinskaya_0033.png	10
1	/home/ti/Downloads/insightface/src/data/out_data_crop//Zhaniya_Djurinskaya/Zhaniya_Djurinskaya_0017.png	10
1	/home/ti/Downloads/insightface/src/data/out_data_crop//Zhaniya_Djurinskaya/Zhaniya_Djurinskaya_0027.png	10
1	/home/ti/Downloads/insightface/src/data/out_data_crop//Zhaniya_Djurinskaya/Zhaniya_Djurinskaya_0008.png	10
1	/home/ti/Downloads/insightface/src/data/out_data_crop//Zhaniya_Djurinskaya/Zhaniya_Djurinskaya_0072.png	10
1	/home/ti/Downloads/insightface/src/data/out_data_crop//Zhaniya_Djurinskaya/Zhaniya_Djurinskaya_0068.png	10
1	/home/ti/Downloads/insightface/src/data/out_data_crop//Zhaniya_Djurinskaya/Zhaniya_Djurinskaya_0075.png	10
1	/home/ti/Downloads/insightface/src/data/out_data_crop//Zhaniya_Djurinskaya/Zhaniya_Djurinskaya_0023.png	10
1	/home/ti/Downloads/insightface/src/data/out_data_crop//Zhaniya_Djurinskaya/Zhaniya_Djurinskaya_0081.png	10
1	/home/ti/Downloads/insightface/src/data/out_data_crop//Zhaniya_Djurinskaya/Zhaniya_Djurinskaya_0070.png	10
1	/home/ti/Downloads/insightface/src/data/out_data_crop//Zhaniya_Djurinskaya/Zhaniya_Djurinskaya_0065.png	10
1	/home/ti/Downloads/insightface/src/data/out_data_crop//Zhaniya_Djurinskaya/Zhaniya_Djurinskaya_0058.png	10
1	/home/ti/Downloads/insightface/src/data/out_data_crop//Zhaniya_Djurinskaya/Zhaniya_Djurinskaya_0053.png	10
1	/home/ti/Downloads/insightface/src/data/out_data_crop//Zhaniya_Djurinskaya/Zhaniya_Djurinskaya_0016.png	10
1	/home/ti/Downloads/insightface/src/data/out_data_crop//Zhaniya_Djurinskaya/Zhaniya_Djurinskaya_0018.png	10
1	/home/ti/Downloads/insightface/src/data/out_data_crop//Zhaniya_Djurinskaya/Zhaniya_Djurinskaya_0043.png	10
1	/home/ti/Downloads/insightface/src/data/out_data_crop//Zhaniya_Djurinskaya/Zhaniya_Djurinskaya_0056.png	10
1	/home/ti/Downloads/insightface/src/data/out_data_crop//Zhaniya_Djurinskaya/Zhaniya_Djurinskaya_0054.png	10
1	/home/ti/Downloads/insightface/src/data/out_data_crop//Zhaniya_Djurinskaya/Zhaniya_Djurinskaya_0011.png	10
1	/home/ti/Downloads/insightface/src/data/out_data_crop//Zhaniya_Djurinskaya/Zhaniya_Djurinskaya_0028.png	10
1	/home/ti/Downloads/insightface/src/data/out_data_crop//Zhaniya_Djurinskaya/Zhaniya_Djurinskaya_0040.png	10
1	/home/ti/Downloads/insightface/src/data/out_data_crop//Zhaniya_Djurinskaya/Zhaniya_Djurinskaya_0034.png	10
1	/home/ti/Downloads/insightface/src/data/out_data_crop//Zhaniya_Djurinskaya/Zhaniya_Djurinskaya_0084.png	10
1	/home/ti/Downloads/insightface/src/data/out_data_crop//Zhaniya_Djurinskaya/Zhaniya_Djurinskaya_0087.png	10
1	/home/ti/Downloads/insightface/src/data/out_data_crop//Zhaniya_Djurinskaya/Zhaniya_Djurinskaya_0001.png	10
1	/home/ti/Downloads/insightface/src/data/out_data_crop//Zhaniya_Djurinskaya/Zhaniya_Djurinskaya_0022.png	10
1	/home/ti/Downloads/insightface/src/data/out_data_crop//Zhaniya_Djurinskaya/Zhaniya_Djurinskaya_0080.png	10
1	/home/ti/Downloads/insightface/src/data/out_data_crop//Zhaniya_Djurinskaya/Zhaniya_Djurinskaya_0078.png	10
1	/home/ti/Downloads/insightface/src/data/out_data_crop//Zhaniya_Djurinskaya/Zhaniya_Djurinskaya_0044.png	10
1	/home/ti/Downloads/insightface/src/data/out_data_crop//Zhaniya_Djurinskaya/Zhaniya_Djurinskaya_0061.png	10
1	/home/ti/Downloads/insightface/src/data/out_data_crop//Zhaniya_Djurinskaya/Zhaniya_Djurinskaya_0026.png	10
1	/home/ti/Downloads/insightface/src/data/out_data_crop//Zhaniya_Djurinskaya/Zhaniya_Djurinskaya_0041.png	10
1	/home/ti/Downloads/insightface/src/data/out_data_crop//Zhaniya_Djurinskaya/Zhaniya_Djurinskaya_0091.png	10
1	/home/ti/Downloads/insightface/src/data/out_data_crop//Zhaniya_Djurinskaya/Zhaniya_Djurinskaya_0057.png	10
1	/home/ti/Downloads/insightface/src/data/out_data_crop//Zhaniya_Djurinskaya/Zhaniya_Djurinskaya_0012.png	10
1	/home/ti/Downloads/insightface/src/data/out_data_crop//Zhaniya_Djurinskaya/Zhaniya_Djurinskaya_0047.png	10
1	/home/ti/Downloads/insightface/src/data/out_data_crop//Zhaniya_Djurinskaya/Zhaniya_Djurinskaya_0015.png	10
1	/home/ti/Downloads/insightface/src/data/out_data_crop//Zhaniya_Djurinskaya/Zhaniya_Djurinskaya_0049.png	10
1	/home/ti/Downloads/insightface/src/data/out_data_crop//Zhaniya_Djurinskaya/Zhaniya_Djurinskaya_0003.png	10
1	/home/ti/Downloads/insightface/src/data/out_data_crop//Zhaniya_Djurinskaya/Zhaniya_Djurinskaya_0046.png	10
1	/home/ti/Downloads/insightface/src/data/out_data_crop//Zhaniya_Djurinskaya/Zhaniya_Djurinskaya_0006.png	10
1	/home/ti/Downloads/insightface/src/data/out_data_crop//Zhaniya_Djurinskaya/Zhaniya_Djurinskaya_0020.png	10
1	/home/ti/Downloads/insightface/src/data/out_data_crop//Zhaniya_Djurinskaya/Zhaniya_Djurinskaya_0007.png	10
1	/home/ti/Downloads/insightface/src/data/out_data_crop//Zhaniya_Djurinskaya/Zhaniya_Djurinskaya_0085.png	10
1	/home/ti/Downloads/insightface/src/data/out_data_crop//Zhaniya_Djurinskaya/Zhaniya_Djurinskaya_0019.png	10
1	/home/ti/Downloads/insightface/src/data/out_data_crop//Zhaniya_Djurinskaya/Zhaniya_Djurinskaya_0062.png	10
1	/home/ti/Downloads/insightface/src/data/out_data_crop//Zhaniya_Djurinskaya/Zhaniya_Djurinskaya_0021.png	10
1	/home/ti/Downloads/insightface/src/data/out_data_crop//Zhaniya_Djurinskaya/Zhaniya_Djurinskaya_0069.png	10
1	/home/ti/Downloads/insightface/src/data/out_data_crop//Zhaniya_Djurinskaya/Zhaniya_Djurinskaya_0014.png	10
1	/home/ti/Downloads/insightface/src/data/out_data_crop//Zhaniya_Djurinskaya/Zhaniya_Djurinskaya_0086.png	10
1	/home/ti/Downloads/insightface/src/data/out_data_crop//Zhaniya_Djurinskaya/Zhaniya_Djurinskaya_0024.png	10
1	/home/ti/Downloads/insightface/src/data/out_data_crop//Zhaniya_Djurinskaya/Zhaniya_Djurinskaya_0042.png	10
1	/home/ti/Downloads/insightface/src/data/out_data_crop//Zhaniya_Djurinskaya/Zhaniya_Djurinskaya_0009.png	10
1	/home/ti/Downloads/insightface/src/data/out_data_crop//Zhaniya_Djurinskaya/Zhaniya_Djurinskaya_0067.png	10
1	/home/ti/Downloads/insightface/src/data/out_data_crop//Zhaniya_Djurinskaya/Zhaniya_Djurinskaya_0063.png	10
1	/home/ti/Downloads/insightface/src/data/out_data_crop//Zhaniya_Djurinskaya/Zhaniya_Djurinskaya_0025.png	10
1	/home/ti/Downloads/insightface/src/data/out_data_crop//Zhaniya_Djurinskaya/Zhaniya_Djurinskaya_0082.png	10
1	/home/ti/Downloads/insightface/src/data/out_data_crop//Zhaniya_Djurinskaya/Zhaniya_Djurinskaya_0037.png	10
1	/home/ti/Downloads/insightface/src/data/out_data_crop//Zhaniya_Djurinskaya/Zhaniya_Djurinskaya_0055.png	10
1	/home/ti/Downloads/insightface/src/data/out_data_crop//Zhaniya_Djurinskaya/Zhaniya_Djurinskaya_0004.png	10
1	/home/ti/Downloads/insightface/src/data/out_data_crop//Zhaniya_Djurinskaya/Zhaniya_Djurinskaya_0038.png	10
1	/home/ti/Downloads/insightface/src/data/out_data_crop//Zhaniya_Djurinskaya/Zhaniya_Djurinskaya_0052.png	10
1	/home/ti/Downloads/insightface/src/data/out_data_crop//Zhaniya_Djurinskaya/Zhaniya_Djurinskaya_0036.png	10
1	/home/ti/Downloads/insightface/src/data/out_data_crop//Zhaniya_Djurinskaya/Zhaniya_Djurinskaya_0071.png	10
1	/home/ti/Downloads/insightface/src/data/out_data_crop//Zhaniya_Djurinskaya/Zhaniya_Djurinskaya_0045.png	10
